Analyzing hsabi...

warning - lib/core/config/db_constants.dart:1:8 - Unused import: 'package:appwrite/appwrite.dart'. Try removing the import directive. - unused_import
warning - lib/features/auth/data/models/user_model.freezed.dart:19:12 - The diagnostic 'invalid_annotation_target' doesn't need to be ignored here because it's already being ignored. Try removing the name from the list, or removing the whole comment if this is the only name in the list. - duplicate_ignore
warning - lib/features/auth/data/models/user_model.freezed.dart:223:12 - The diagnostic 'invalid_annotation_target' doesn't need to be ignored here because it's already being ignored. Try removing the name from the list, or removing the whole comment if this is the only name in the list. - duplicate_ignore
warning - lib/features/auth/presentation/providers/user_provider.dart:2:8 - Unused import: 'package:appwrite/models.dart'. Try removing the import directive. - unused_import
warning - lib/features/auth/presentation/providers/user_provider.dart:4:8 - Unused import: '../providers/auth_provider.dart'. Try removing the import directive. - unused_import
warning - lib/features/auth/presentation/widgets/home_header_widget.dart:18:10 - The declaration '_formatDate' isn't referenced. Try removing the declaration of '_formatDate'. - unused_element
warning - lib/features/finance/data/models/debt_model.dart:9:6 - The annotation 'JsonKey.new' can only be used on fields or getters. - invalid_annotation_target
warning - lib/features/finance/data/models/debt_transaction_model.dart:10:6 - The annotation 'JsonKey.new' can only be used on fields or getters. - invalid_annotation_target
warning - lib/features/finance/data/models/expense_model.dart:9:6 - The annotation 'JsonKey.new' can only be used on fields or getters. - invalid_annotation_target
warning - lib/features/finance/data/models/goal_model.dart:10:6 - The annotation 'JsonKey.new' can only be used on fields or getters. - invalid_annotation_target
warning - lib/features/finance/data/models/income_model.dart:9:6 - The annotation 'JsonKey.new' can only be used on fields or getters. - invalid_annotation_target
warning - lib/features/finance/data/models/person_model.dart:9:6 - The annotation 'JsonKey.new' can only be used on fields or getters. - invalid_annotation_target
warning - lib/features/finance/data/models/recurring_transaction_model.dart:10:6 - The annotation 'JsonKey.new' can only be used on fields or getters. - invalid_annotation_target
warning - lib/features/finance/data/repositories/finance_repository_impl.dart:7:8 - Unused import: '../models/debt_transaction_model.dart'. Try removing the import directive. - unused_import
warning - lib/features/finance/domain/repositories/finance_repository.dart:5:8 - Unused import: '../../data/models/category_model.dart'. Try removing the import directive. - unused_import
warning - lib/features/finance/domain/repositories/finance_repository.dart:6:8 - Unused import: '../../data/models/debt_transaction_model.dart'. Try removing the import directive. - unused_import
warning - lib/features/finance/presentation/pages/dashboard_page.dart:24:11 - The value of the local variable 'authState' isn't used. Try removing the variable or using it. - unused_local_variable
warning - lib/features/finance/presentation/viewmodels/ debt_viewmodel.dart:3:8 - Unused import: 'package:hasbi/features/finance/providers/mocking_finance_provider.dart'. Try removing the import directive. - unused_import
warning - lib/features/finance/presentation/viewmodels/ debt_viewmodel.dart:4:8 - Unused import: 'package:hooks_riverpod/legacy.dart'. Try removing the import directive. - unused_import
warning - lib/features/finance/presentation/views/add_goal_view.dart:9:8 - Unused import: 'package:intl/intl.dart'. Try removing the import directive. - unused_import
warning - lib/features/finance/presentation/views/add_goal_view.dart:18:8 - Unused import: '../../providers/goals_provider.dart'. Try removing the import directive. - unused_import
warning - lib/features/finance/presentation/views/add_goal_view.dart:382:7 - This default clause is covered by the previous cases. Try removing the default clause, or restructuring the preceding patterns. - unreachable_switch_default
warning - lib/features/finance/presentation/views/debt_transaction.dart:10:8 - Unused import: '../../data/models/debt_model.dart'. Try removing the import directive. - unused_import
warning - lib/features/finance/presentation/views/debt_transaction.dart:34:11 - The value of the local variable 'reasonController' isn't used. Try removing the variable or using it. - unused_local_variable
warning - lib/features/finance/presentation/views/debt_transaction.dart:37:11 - The value of the local variable 'debtNotifier' isn't used. Try removing the variable or using it. - unused_local_variable
warning - lib/features/finance/presentation/views/debt_transaction.dart:193:65 - The '!' will have no effect because the receiver can't be null. Try removing the '!' operator. - unnecessary_non_null_assertion
warning - lib/features/finance/presentation/views/goals_view.dart:3:8 - Unused import: 'package:fl_chart/fl_chart.dart'. Try removing the import directive. - unused_import
warning - lib/features/finance/presentation/views/goals_view.dart:15:8 - Unused import: 'add_goal_view.dart'. Try removing the import directive. - unused_import
warning - lib/features/finance/presentation/views/home_view.dart:41:11 - The value of the local variable 'userName' isn't used. Try removing the variable or using it. - unused_local_variable
warning - lib/features/finance/presentation/widgets/category_picker_sheet.dart:5:8 - Unused import: '../../../../core/theme/app_colors.dart'. Try removing the import directive. - unused_import
warning - lib/features/finance/presentation/widgets/custom_range_dialog.dart:1:8 - Unused import: 'package:easy_date_timeline/easy_date_timeline.dart'. Try removing the import directive. - unused_import
warning - lib/features/finance/presentation/widgets/custom_range_dialog.dart:9:8 - Unused import: '../../providers/stats_provider.dart'. Try removing the import directive. - unused_import
warning - lib/features/finance/presentation/widgets/custom_range_selector.dart:8:8 - Unused import: '../../providers/stats_provider.dart'. Try removing the import directive. - unused_import
warning - lib/features/finance/presentation/widgets/custom_range_selector.dart:9:8 - Unused import: '../../providers/transaction_provider.dart'. Try removing the import directive. - unused_import
warning - lib/features/finance/presentation/widgets/day_timeline_widget.dart:8:8 - Unused import: '../../providers/stats_provider.dart'. Try removing the import directive. - unused_import
warning - lib/features/finance/presentation/widgets/filter_mode_selector.dart:5:8 - Unused import: '../../providers/stats_provider.dart'. Try removing the import directive. - unused_import
warning - lib/features/finance/presentation/widgets/finance_pie_chart.dart:89:86 - Dead code. Try removing the code, or fixing the code before it so that it can be reached. - dead_code
warning - lib/features/finance/presentation/widgets/finance_pie_chart.dart:89:89 - The left operand can't be null, so the right operand is never executed. Try removing the operator and the right operand. - dead_null_aware_expression
warning - lib/features/finance/presentation/widgets/finance_stat.dart:26:10 - The declaration '_formatCompact' isn't referenced. Try removing the declaration of '_formatCompact'. - unused_element
warning - lib/features/finance/presentation/widgets/stats/stats_selectors.dart:3:8 - Unused import: 'package:hasbi/core/theme/app_colors.dart'. Try removing the import directive. - unused_import
warning - lib/features/finance/presentation/widgets/transaction_tile.dart:4:8 - Unused import: 'package:hasbi/core/theme/spacing_helper.dart'. Try removing the import directive. - unused_import
warning - lib/features/finance/providers/add_goal_provider.dart:6:8 - Unused import: '../../../core/storage/hive_service.dart'. Try removing the import directive. - unused_import
warning - lib/features/finance/providers/add_goal_provider.dart:9:8 - Unused import: '../domain/repositories/finance_repository.dart'. Try removing the import directive. - unused_import
warning - lib/features/finance/providers/add_transaction_provider.dart:7:8 - Unused import: '../../../core/storage/hive_service.dart'. Try removing the import directive. - unused_import
warning - lib/features/finance/providers/dashboard_fab_provider.dart:1:8 - Unused import: 'package:hooks_riverpod/hooks_riverpod.dart'. Try removing the import directive. - unused_import
warning - lib/features/finance/providers/goals_provider.dart:2:8 - Unused import: 'package:hooks_riverpod/hooks_riverpod.dart'. Try removing the import directive. - unused_import
warning - lib/features/finance/providers/goals_provider.dart:52:55 - The '!' will have no effect because the receiver can't be null. Try removing the '!' operator. - unnecessary_non_null_assertion
warning - lib/features/finance/providers/goals_provider.dart:72:22 - The '!' will have no effect because the receiver can't be null. Try removing the '!' operator. - unnecessary_non_null_assertion
warning - lib/features/finance/providers/transaction_provider.dart:7:8 - Unused import: 'package:hasbi/features/finance/domain/repositories/finance_repository.dart'. Try removing the import directive. - unused_import
   info - lib/core/providers/session_provider.dart:1:8 - The import of 'package:hooks_riverpod/hooks_riverpod.dart' is unnecessary because all of the used elements are also provided by the import of 'package:riverpod_annotation/riverpod_annotation.dart'. Try removing the import directive. - unnecessary_import
   info - lib/core/theme/app_theme.dart:23:77 - 'withOpacity' is deprecated and shouldn't be used. Use .withValues() to avoid precision loss. Try replacing the use of the deprecated member with the replacement. - deprecated_member_use
   info - lib/core/theme/app_theme.dart:55:29 - 'withOpacity' is deprecated and shouldn't be used. Use .withValues() to avoid precision loss. Try replacing the use of the deprecated member with the replacement. - deprecated_member_use
   info - lib/core/theme/app_theme.dart:68:34 - 'withOpacity' is deprecated and shouldn't be used. Use .withValues() to avoid precision loss. Try replacing the use of the deprecated member with the replacement. - deprecated_member_use
   info - lib/features/auth/data/repositories/auth_repository_impl.dart:47:36 - 'getDocument' is deprecated and shouldn't be used. This API has been deprecated since 1.8.0. Please use `TablesDB.getRow` instead. Try replacing the use of the deprecated member with the replacement. - deprecated_member_use
   info - lib/features/auth/data/repositories/auth_repository_impl.dart:68:24 - 'createDocument' is deprecated and shouldn't be used. This API has been deprecated since 1.8.0. Please use `TablesDB.createRow` instead. Try replacing the use of the deprecated member with the replacement. - deprecated_member_use
   info - lib/features/auth/presentation/pages/login_page.dart:64:52 - 'withOpacity' is deprecated and shouldn't be used. Use .withValues() to avoid precision loss. Try replacing the use of the deprecated member with the replacement. - deprecated_member_use
   info - lib/features/auth/presentation/pages/register_page.dart:166:56 - 'withOpacity' is deprecated and shouldn't be used. Use .withValues() to avoid precision loss. Try replacing the use of the deprecated member with the replacement. - deprecated_member_use
   info - lib/features/auth/presentation/pages/register_page.dart:267:47 - 'withOpacity' is deprecated and shouldn't be used. Use .withValues() to avoid precision loss. Try replacing the use of the deprecated member with the replacement. - deprecated_member_use
   info - lib/features/auth/presentation/pages/register_page.dart:290:47 - 'withOpacity' is deprecated and shouldn't be used. Use .withValues() to avoid precision loss. Try replacing the use of the deprecated member with the replacement. - deprecated_member_use
   info - lib/features/auth/presentation/pages/register_page.dart:313:32 - Statements in a for should be enclosed in a block. Try wrapping the statement in a block. - curly_braces_in_flow_control_structures
   info - lib/features/auth/presentation/widgets/home_header_widget.dart:5:8 - The imported package 'flutter_riverpod' isn't a dependency of the importing package. Try adding a dependency for 'flutter_riverpod' in the 'pubspec.yaml' file. - depend_on_referenced_packages
   info - lib/features/auth/presentation/widgets/home_header_widget.dart:85:54 - 'withOpacity' is deprecated and shouldn't be used. Use .withValues() to avoid precision loss. Try replacing the use of the deprecated member with the replacement. - deprecated_member_use
   info - lib/features/finance/data/repositories/finance_repository_impl.dart:39:39 - 'getDocument' is deprecated and shouldn't be used. This API has been deprecated since 1.8.0. Please use `TablesDB.getRow` instead. Try replacing the use of the deprecated member with the replacement. - deprecated_member_use
   info - lib/features/finance/data/repositories/finance_repository_impl.dart:54:39 - 'getDocument' is deprecated and shouldn't be used. This API has been deprecated since 1.8.0. Please use `TablesDB.getRow` instead. Try replacing the use of the deprecated member with the replacement. - deprecated_member_use
   info - lib/features/finance/data/repositories/finance_repository_impl.dart:70:39 - 'listDocuments' is deprecated and shouldn't be used. This API has been deprecated since 1.8.0. Please use `TablesDB.listRows` instead. Try replacing the use of the deprecated member with the replacement. - deprecated_member_use
   info - lib/features/finance/data/repositories/finance_repository_impl.dart:92:24 - 'createDocument' is deprecated and shouldn't be used. This API has been deprecated since 1.8.0. Please use `TablesDB.createRow` instead. Try replacing the use of the deprecated member with the replacement. - deprecated_member_use
   info - lib/features/finance/data/repositories/finance_repository_impl.dart:106:24 - 'updateDocument' is deprecated and shouldn't be used. This API has been deprecated since 1.8.0. Please use `TablesDB.updateRow` instead. Try replacing the use of the deprecated member with the replacement. - deprecated_member_use
   info - lib/features/finance/data/repositories/finance_repository_impl.dart:120:24 - 'deleteDocument' is deprecated and shouldn't be used. This API has been deprecated since 1.8.0. Please use `TablesDB.deleteRow` instead. Try replacing the use of the deprecated member with the replacement. - deprecated_member_use
   info - lib/features/finance/data/repositories/finance_repository_impl.dart:135:39 - 'listDocuments' is deprecated and shouldn't be used. This API has been deprecated since 1.8.0. Please use `TablesDB.listRows` instead. Try replacing the use of the deprecated member with the replacement. - deprecated_member_use
   info - lib/features/finance/data/repositories/finance_repository_impl.dart:157:24 - 'createDocument' is deprecated and shouldn't be used. This API has been deprecated since 1.8.0. Please use `TablesDB.createRow` instead. Try replacing the use of the deprecated member with the replacement. - deprecated_member_use
   info - lib/features/finance/data/repositories/finance_repository_impl.dart:171:24 - 'updateDocument' is deprecated and shouldn't be used. This API has been deprecated since 1.8.0. Please use `TablesDB.updateRow` instead. Try replacing the use of the deprecated member with the replacement. - deprecated_member_use
   info - lib/features/finance/data/repositories/finance_repository_impl.dart:185:24 - 'deleteDocument' is deprecated and shouldn't be used. This API has been deprecated since 1.8.0. Please use `TablesDB.deleteRow` instead. Try replacing the use of the deprecated member with the replacement. - deprecated_member_use
   info - lib/features/finance/data/repositories/finance_repository_impl.dart:199:39 - 'listDocuments' is deprecated and shouldn't be used. This API has been deprecated since 1.8.0. Please use `TablesDB.listRows` instead. Try replacing the use of the deprecated member with the replacement. - deprecated_member_use
   info - lib/features/finance/data/repositories/finance_repository_impl.dart:215:24 - 'createDocument' is deprecated and shouldn't be used. This API has been deprecated since 1.8.0. Please use `TablesDB.createRow` instead. Try replacing the use of the deprecated member with the replacement. - deprecated_member_use
   info - lib/features/finance/data/repositories/finance_repository_impl.dart:229:24 - 'deleteDocument' is deprecated and shouldn't be used. This API has been deprecated since 1.8.0. Please use `TablesDB.deleteRow` instead. Try replacing the use of the deprecated member with the replacement. - deprecated_member_use
   info - lib/features/finance/data/repositories/finance_repository_impl.dart:242:39 - 'listDocuments' is deprecated and shouldn't be used. This API has been deprecated since 1.8.0. Please use `TablesDB.listRows` instead. Try replacing the use of the deprecated member with the replacement. - deprecated_member_use
   info - lib/features/finance/data/repositories/finance_repository_impl.dart:258:24 - 'createDocument' is deprecated and shouldn't be used. This API has been deprecated since 1.8.0. Please use `TablesDB.createRow` instead. Try replacing the use of the deprecated member with the replacement. - deprecated_member_use
   info - lib/features/finance/data/repositories/finance_repository_impl.dart:272:24 - 'updateDocument' is deprecated and shouldn't be used. This API has been deprecated since 1.8.0. Please use `TablesDB.updateRow` instead. Try replacing the use of the deprecated member with the replacement. - deprecated_member_use
   info - lib/features/finance/data/repositories/finance_repository_impl.dart:286:24 - 'deleteDocument' is deprecated and shouldn't be used. This API has been deprecated since 1.8.0. Please use `TablesDB.deleteRow` instead. Try replacing the use of the deprecated member with the replacement. - deprecated_member_use
   info - lib/features/finance/data/repositories/finance_repository_impl.dart:300:39 - 'listDocuments' is deprecated and shouldn't be used. This API has been deprecated since 1.8.0. Please use `TablesDB.listRows` instead. Try replacing the use of the deprecated member with the replacement. - deprecated_member_use
   info - lib/features/finance/data/repositories/finance_repository_impl.dart:328:39 - 'listDocuments' is deprecated and shouldn't be used. This API has been deprecated since 1.8.0. Please use `TablesDB.listRows` instead. Try replacing the use of the deprecated member with the replacement. - deprecated_member_use
   info - lib/features/finance/data/repositories/finance_repository_impl.dart:346:24 - 'createDocument' is deprecated and shouldn't be used. This API has been deprecated since 1.8.0. Please use `TablesDB.createRow` instead. Try replacing the use of the deprecated member with the replacement. - deprecated_member_use
   info - lib/features/finance/data/repositories/finance_repository_impl.dart:368:24 - 'updateDocument' is deprecated and shouldn't be used. This API has been deprecated since 1.8.0. Please use `TablesDB.updateRow` instead. Try replacing the use of the deprecated member with the replacement. - deprecated_member_use
   info - lib/features/finance/data/repositories/finance_repository_impl.dart:388:24 - 'deleteDocument' is deprecated and shouldn't be used. This API has been deprecated since 1.8.0. Please use `TablesDB.deleteRow` instead. Try replacing the use of the deprecated member with the replacement. - deprecated_member_use
   info - lib/features/finance/presentation/viewmodels/ debt_viewmodel.dart:1:1 - The file name ' debt_viewmodel.dart' isn't a lower_case_with_underscores identifier. Try changing the name to follow the lower_case_with_underscores style. - file_names
   info - lib/features/finance/presentation/views/add_goal_view.dart:214:49 - 'withOpacity' is deprecated and shouldn't be used. Use .withValues() to avoid precision loss. Try replacing the use of the deprecated member with the replacement. - deprecated_member_use
   info - lib/features/finance/presentation/views/add_goal_view.dart:269:32 - 'MaterialStateProperty' is deprecated and shouldn't be used. Use WidgetStateProperty instead. Moved to the Widgets layer to make code available outside of Material. This feature was deprecated after v3.19.0-0.3.pre. Try replacing the use of the deprecated member with the replacement. - deprecated_member_use
   info - lib/features/finance/presentation/views/add_goal_view.dart:270:22 - 'MaterialStateProperty' is deprecated and shouldn't be used. Use WidgetStateProperty instead. Moved to the Widgets layer to make code available outside of Material. This feature was deprecated after v3.19.0-0.3.pre. Try replacing the use of the deprecated member with the replacement. - deprecated_member_use
   info - lib/features/finance/presentation/views/add_goal_view.dart:275:26 - 'MaterialStateProperty' is deprecated and shouldn't be used. Use WidgetStateProperty instead. Moved to the Widgets layer to make code available outside of Material. This feature was deprecated after v3.19.0-0.3.pre. Try replacing the use of the deprecated member with the replacement. - deprecated_member_use
   info - lib/features/finance/presentation/views/add_goal_view.dart:318:44 - 'withOpacity' is deprecated and shouldn't be used. Use .withValues() to avoid precision loss. Try replacing the use of the deprecated member with the replacement. - deprecated_member_use
   info - lib/features/finance/presentation/views/add_goal_view.dart:324:42 - 'withOpacity' is deprecated and shouldn't be used. Use .withValues() to avoid precision loss. Try replacing the use of the deprecated member with the replacement. - deprecated_member_use
   info - lib/features/finance/presentation/views/add_goal_view.dart:343:47 - 'withOpacity' is deprecated and shouldn't be used. Use .withValues() to avoid precision loss. Try replacing the use of the deprecated member with the replacement. - deprecated_member_use
   info - lib/features/finance/presentation/views/debt_transaction.dart:259:58 - 'withOpacity' is deprecated and shouldn't be used. Use .withValues() to avoid precision loss. Try replacing the use of the deprecated member with the replacement. - deprecated_member_use
   info - lib/features/finance/presentation/views/debt_transaction.dart:272:59 - 'withOpacity' is deprecated and shouldn't be used. Use .withValues() to avoid precision loss. Try replacing the use of the deprecated member with the replacement. - deprecated_member_use
   info - lib/features/finance/presentation/views/debt_transaction.dart:279:41 - 'activeColor' is deprecated and shouldn't be used. Use activeThumbColor instead. This feature was deprecated after v3.31.0-2.0.pre. Try replacing the use of the deprecated member with the replacement. - deprecated_member_use
   info - lib/features/finance/presentation/views/debt_transaction.dart:284:45 - 'MaterialStateProperty' is deprecated and shouldn't be used. Use WidgetStateProperty instead. Moved to the Widgets layer to make code available outside of Material. This feature was deprecated after v3.19.0-0.3.pre. Try replacing the use of the deprecated member with the replacement. - deprecated_member_use
   info - lib/features/finance/presentation/views/debt_transaction.dart:354:54 - 'withOpacity' is deprecated and shouldn't be used. Use .withValues() to avoid precision loss. Try replacing the use of the deprecated member with the replacement. - deprecated_member_use
   info - lib/features/finance/presentation/views/debt_transaction.dart:426:49 - 'withOpacity' is deprecated and shouldn't be used. Use .withValues() to avoid precision loss. Try replacing the use of the deprecated member with the replacement. - deprecated_member_use
   info - lib/features/finance/presentation/views/debt_transaction.dart:466:49 - 'withOpacity' is deprecated and shouldn't be used. Use .withValues() to avoid precision loss. Try replacing the use of the deprecated member with the replacement. - deprecated_member_use
   info - lib/features/finance/presentation/views/debt_transaction.dart:526:32 - 'withOpacity' is deprecated and shouldn't be used. Use .withValues() to avoid precision loss. Try replacing the use of the deprecated member with the replacement. - deprecated_member_use
   info - lib/features/finance/presentation/views/debt_transaction.dart:539:31 - 'withOpacity' is deprecated and shouldn't be used. Use .withValues() to avoid precision loss. Try replacing the use of the deprecated member with the replacement. - deprecated_member_use
   info - lib/features/finance/presentation/views/debt_transaction.dart:566:32 - 'withOpacity' is deprecated and shouldn't be used. Use .withValues() to avoid precision loss. Try replacing the use of the deprecated member with the replacement. - deprecated_member_use
   info - lib/features/finance/presentation/views/goals_view.dart:102:38 - 'withOpacity' is deprecated and shouldn't be used. Use .withValues() to avoid precision loss. Try replacing the use of the deprecated member with the replacement. - deprecated_member_use
   info - lib/features/finance/presentation/views/goals_view.dart:116:39 - 'withOpacity' is deprecated and shouldn't be used. Use .withValues() to avoid precision loss. Try replacing the use of the deprecated member with the replacement. - deprecated_member_use
   info - lib/features/finance/presentation/views/goals_view.dart:160:33 - 'withOpacity' is deprecated and shouldn't be used. Use .withValues() to avoid precision loss. Try replacing the use of the deprecated member with the replacement. - deprecated_member_use
   info - lib/features/finance/presentation/views/home_view.dart:150:55 - 'withOpacity' is deprecated and shouldn't be used. Use .withValues() to avoid precision loss. Try replacing the use of the deprecated member with the replacement. - deprecated_member_use
   info - lib/features/finance/presentation/views/home_view.dart:151:53 - 'withOpacity' is deprecated and shouldn't be used. Use .withValues() to avoid precision loss. Try replacing the use of the deprecated member with the replacement. - deprecated_member_use
   info - lib/features/finance/presentation/views/home_view.dart:246:47 - 'withOpacity' is deprecated and shouldn't be used. Use .withValues() to avoid precision loss. Try replacing the use of the deprecated member with the replacement. - deprecated_member_use
   info - lib/features/finance/presentation/views/home_view.dart:254:23 - 'value' is deprecated and shouldn't be used. Use initialValue instead. This will set the initial value for the form field. This feature was deprecated after v3.33.0-1.0.pre. Try replacing the use of the deprecated member with the replacement. - deprecated_member_use
   info - lib/features/finance/presentation/views/home_view.dart:325:49 - 'withOpacity' is deprecated and shouldn't be used. Use .withValues() to avoid precision loss. Try replacing the use of the deprecated member with the replacement. - deprecated_member_use
   info - lib/features/finance/presentation/views/profile_view.dart:1:8 - The import of 'package:flutter/cupertino.dart' is unnecessary because all of the used elements are also provided by the import of 'package:flutter/material.dart'. Try removing the import directive. - unnecessary_import
   info - lib/features/finance/presentation/widgets/amount_input_field.dart:49:37 - 'withOpacity' is deprecated and shouldn't be used. Use .withValues() to avoid precision loss. Try replacing the use of the deprecated member with the replacement. - deprecated_member_use
   info - lib/features/finance/presentation/widgets/amount_input_field.dart:54:39 - 'withOpacity' is deprecated and shouldn't be used. Use .withValues() to avoid precision loss. Try replacing the use of the deprecated member with the replacement. - deprecated_member_use
   info - lib/features/finance/presentation/widgets/amount_input_field.dart:58:60 - 'withOpacity' is deprecated and shouldn't be used. Use .withValues() to avoid precision loss. Try replacing the use of the deprecated member with the replacement. - deprecated_member_use
   info - lib/features/finance/presentation/widgets/amount_input_field.dart:63:60 - 'withOpacity' is deprecated and shouldn't be used. Use .withValues() to avoid precision loss. Try replacing the use of the deprecated member with the replacement. - deprecated_member_use
   info - lib/features/finance/presentation/widgets/amount_input_field.dart:71:34 - 'withOpacity' is deprecated and shouldn't be used. Use .withValues() to avoid precision loss. Try replacing the use of the deprecated member with the replacement. - deprecated_member_use
   info - lib/features/finance/presentation/widgets/calendar_bottom_sheet.dart:242:48 - 'withOpacity' is deprecated and shouldn't be used. Use .withValues() to avoid precision loss. Try replacing the use of the deprecated member with the replacement. - deprecated_member_use
   info - lib/features/finance/presentation/widgets/calendar_bottom_sheet.dart:356:45 - 'withOpacity' is deprecated and shouldn't be used. Use .withValues() to avoid precision loss. Try replacing the use of the deprecated member with the replacement. - deprecated_member_use
   info - lib/features/finance/presentation/widgets/category_grid_item.dart:32:37 - 'withOpacity' is deprecated and shouldn't be used. Use .withValues() to avoid precision loss. Try replacing the use of the deprecated member with the replacement. - deprecated_member_use
   info - lib/features/finance/presentation/widgets/custom_range_dialog.dart:170:39 - 'withOpacity' is deprecated and shouldn't be used. Use .withValues() to avoid precision loss. Try replacing the use of the deprecated member with the replacement. - deprecated_member_use
   info - lib/features/finance/presentation/widgets/custom_range_dialog.dart:171:28 - 'withOpacity' is deprecated and shouldn't be used. Use .withValues() to avoid precision loss. Try replacing the use of the deprecated member with the replacement. - deprecated_member_use
   info - lib/features/finance/presentation/widgets/custom_range_dialog.dart:297:43 - 'withOpacity' is deprecated and shouldn't be used. Use .withValues() to avoid precision loss. Try replacing the use of the deprecated member with the replacement. - deprecated_member_use
   info - lib/features/finance/presentation/widgets/custom_range_dialog.dart:298:32 - 'withOpacity' is deprecated and shouldn't be used. Use .withValues() to avoid precision loss. Try replacing the use of the deprecated member with the replacement. - deprecated_member_use
   info - lib/features/finance/presentation/widgets/custom_range_selector.dart:31:35 - 'withOpacity' is deprecated and shouldn't be used. Use .withValues() to avoid precision loss. Try replacing the use of the deprecated member with the replacement. - deprecated_member_use
   info - lib/features/finance/presentation/widgets/custom_range_selector.dart:56:44 - 'withOpacity' is deprecated and shouldn't be used. Use .withValues() to avoid precision loss. Try replacing the use of the deprecated member with the replacement. - deprecated_member_use
   info - lib/features/finance/presentation/widgets/custom_range_selector.dart:91:40 - 'withOpacity' is deprecated and shouldn't be used. Use .withValues() to avoid precision loss. Try replacing the use of the deprecated member with the replacement. - deprecated_member_use
   info - lib/features/finance/presentation/widgets/custom_range_selector.dart:94:42 - 'withOpacity' is deprecated and shouldn't be used. Use .withValues() to avoid precision loss. Try replacing the use of the deprecated member with the replacement. - deprecated_member_use
   info - lib/features/finance/presentation/widgets/day_timeline_widget.dart:27:33 - 'withOpacity' is deprecated and shouldn't be used. Use .withValues() to avoid precision loss. Try replacing the use of the deprecated member with the replacement. - deprecated_member_use
   info - lib/features/finance/presentation/widgets/day_timeline_widget.dart:104:29 - 'withOpacity' is deprecated and shouldn't be used. Use .withValues() to avoid precision loss. Try replacing the use of the deprecated member with the replacement. - deprecated_member_use
   info - lib/features/finance/presentation/widgets/day_timeline_widget.dart:125:40 - 'withOpacity' is deprecated and shouldn't be used. Use .withValues() to avoid precision loss. Try replacing the use of the deprecated member with the replacement. - deprecated_member_use
   info - lib/features/finance/presentation/widgets/day_timeline_widget.dart:129:40 - 'withOpacity' is deprecated and shouldn't be used. Use .withValues() to avoid precision loss. Try replacing the use of the deprecated member with the replacement. - deprecated_member_use
   info - lib/features/finance/presentation/widgets/day_timeline_widget.dart:132:42 - 'withOpacity' is deprecated and shouldn't be used. Use .withValues() to avoid precision loss. Try replacing the use of the deprecated member with the replacement. - deprecated_member_use
   info - lib/features/finance/presentation/widgets/expandable_fab.dart:46:32 - 'withOpacity' is deprecated and shouldn't be used. Use .withValues() to avoid precision loss. Try replacing the use of the deprecated member with the replacement. - deprecated_member_use
   info - lib/features/finance/presentation/widgets/expandable_fab.dart:193:48 - 'withOpacity' is deprecated and shouldn't be used. Use .withValues() to avoid precision loss. Try replacing the use of the deprecated member with the replacement. - deprecated_member_use
   info - lib/features/finance/presentation/widgets/expandable_fab.dart:225:48 - 'withOpacity' is deprecated and shouldn't be used. Use .withValues() to avoid precision loss. Try replacing the use of the deprecated member with the replacement. - deprecated_member_use
   info - lib/features/finance/presentation/widgets/filter_mode_selector.dart:70:37 - 'withOpacity' is deprecated and shouldn't be used. Use .withValues() to avoid precision loss. Try replacing the use of the deprecated member with the replacement. - deprecated_member_use
   info - lib/features/finance/presentation/widgets/finance_pie_chart.dart:2:8 - The imported package 'flutter_riverpod' isn't a dependency of the importing package. Try adding a dependency for 'flutter_riverpod' in the 'pubspec.yaml' file. - depend_on_referenced_packages
   info - lib/features/finance/presentation/widgets/finance_pie_chart.dart:100:43 - 'withOpacity' is deprecated and shouldn't be used. Use .withValues() to avoid precision loss. Try replacing the use of the deprecated member with the replacement. - deprecated_member_use
   info - lib/features/finance/presentation/widgets/finance_stat.dart:1:8 - The import of 'package:flutter/cupertino.dart' is unnecessary because all of the used elements are also provided by the import of 'package:flutter/material.dart'. Try removing the import directive. - unnecessary_import
   info - lib/features/finance/presentation/widgets/finance_stat.dart:78:32 - 'withOpacity' is deprecated and shouldn't be used. Use .withValues() to avoid precision loss. Try replacing the use of the deprecated member with the replacement. - deprecated_member_use
   info - lib/features/finance/presentation/widgets/finance_stat.dart:82:34 - 'withOpacity' is deprecated and shouldn't be used. Use .withValues() to avoid precision loss. Try replacing the use of the deprecated member with the replacement. - deprecated_member_use
   info - lib/features/finance/presentation/widgets/goal_progress_item.dart:84:41 - 'withOpacity' is deprecated and shouldn't be used. Use .withValues() to avoid precision loss. Try replacing the use of the deprecated member with the replacement. - deprecated_member_use
   info - lib/features/finance/presentation/widgets/goal_progress_item.dart:131:42 - 'withOpacity' is deprecated and shouldn't be used. Use .withValues() to avoid precision loss. Try replacing the use of the deprecated member with the replacement. - deprecated_member_use
   info - lib/features/finance/presentation/widgets/goal_progress_item.dart:190:33 - 'withOpacity' is deprecated and shouldn't be used. Use .withValues() to avoid precision loss. Try replacing the use of the deprecated member with the replacement. - deprecated_member_use
   info - lib/features/finance/presentation/widgets/goal_progress_item.dart:191:33 - 'withOpacity' is deprecated and shouldn't be used. Use .withValues() to avoid precision loss. Try replacing the use of the deprecated member with the replacement. - deprecated_member_use
   info - lib/features/finance/presentation/widgets/note_input_field.dart:55:47 - 'withOpacity' is deprecated and shouldn't be used. Use .withValues() to avoid precision loss. Try replacing the use of the deprecated member with the replacement. - deprecated_member_use
   info - lib/features/finance/presentation/widgets/stats/stats_category_list.dart:51:39 - 'withOpacity' is deprecated and shouldn't be used. Use .withValues() to avoid precision loss. Try replacing the use of the deprecated member with the replacement. - deprecated_member_use
   info - lib/features/finance/presentation/widgets/stats/stats_category_list.dart:64:43 - 'withOpacity' is deprecated and shouldn't be used. Use .withValues() to avoid precision loss. Try replacing the use of the deprecated member with the replacement. - deprecated_member_use
   info - lib/features/finance/presentation/widgets/stats/stats_insights_list.dart:61:39 - 'withOpacity' is deprecated and shouldn't be used. Use .withValues() to avoid precision loss. Try replacing the use of the deprecated member with the replacement. - deprecated_member_use
   info - lib/features/finance/presentation/widgets/stats/stats_selectors.dart:42:49 - 'withOpacity' is deprecated and shouldn't be used. Use .withValues() to avoid precision loss. Try replacing the use of the deprecated member with the replacement. - deprecated_member_use
   info - lib/features/finance/presentation/widgets/stats/stats_selectors.dart:108:41 - 'withOpacity' is deprecated and shouldn't be used. Use .withValues() to avoid precision loss. Try replacing the use of the deprecated member with the replacement. - deprecated_member_use
   info - lib/features/finance/presentation/widgets/stats/stats_summary_card.dart:34:33 - 'withOpacity' is deprecated and shouldn't be used. Use .withValues() to avoid precision loss. Try replacing the use of the deprecated member with the replacement. - deprecated_member_use
   info - lib/features/finance/presentation/widgets/stats/stats_summary_card.dart:110:32 - 'withOpacity' is deprecated and shouldn't be used. Use .withValues() to avoid precision loss. Try replacing the use of the deprecated member with the replacement. - deprecated_member_use
   info - lib/features/finance/presentation/widgets/stats/stats_trend_chart.dart:107:27 - Statements in an if should be enclosed in a block. Try wrapping the statement in a block. - curly_braces_in_flow_control_structures
   info - lib/features/finance/presentation/widgets/transaction_field_tile.dart:53:47 - 'withOpacity' is deprecated and shouldn't be used. Use .withValues() to avoid precision loss. Try replacing the use of the deprecated member with the replacement. - deprecated_member_use
   info - lib/features/finance/presentation/widgets/transaction_tile.dart:39:33 - 'withOpacity' is deprecated and shouldn't be used. Use .withValues() to avoid precision loss. Try replacing the use of the deprecated member with the replacement. - deprecated_member_use
   info - lib/features/finance/presentation/widgets/transaction_tile.dart:55:49 - 'withOpacity' is deprecated and shouldn't be used. Use .withValues() to avoid precision loss. Try replacing the use of the deprecated member with the replacement. - deprecated_member_use
   info - lib/features/finance/presentation/widgets/transaction_tile.dart:68:50 - 'withOpacity' is deprecated and shouldn't be used. Use .withValues() to avoid precision loss. Try replacing the use of the deprecated member with the replacement. - deprecated_member_use
   info - lib/features/finance/presentation/widgets/transaction_tile.dart:88:50 - 'withOpacity' is deprecated and shouldn't be used. Use .withValues() to avoid precision loss. Try replacing the use of the deprecated member with the replacement. - deprecated_member_use
   info - lib/features/finance/providers/add_transaction_provider.dart:59:7 - Statements in an if should be enclosed in a block. Try wrapping the statement in a block. - curly_braces_in_flow_control_structures
   info - lib/features/finance/providers/home_provider.dart:5:8 - The import of 'package:hooks_riverpod/hooks_riverpod.dart' is unnecessary because all of the used elements are also provided by the import of 'package:riverpod_annotation/riverpod_annotation.dart'. Try removing the import directive. - unnecessary_import
   info - lib/features/finance/providers/stats_provider.dart:254:11 - Use a function declaration rather than a variable assignment to bind a function to a name. Try rewriting the closure assignment as a function declaration. - prefer_function_declarations_over_variables
   info - lib/features/finance/providers/stats_provider.dart:255:11 - Use a function declaration rather than a variable assignment to bind a function to a name. Try rewriting the closure assignment as a function declaration. - prefer_function_declarations_over_variables
   info - lib/features/onboarding/data/onboarding_data.dart:23:40 - 'withOpacity' is deprecated and shouldn't be used. Use .withValues() to avoid precision loss. Try replacing the use of the deprecated member with the replacement. - deprecated_member_use
   info - lib/features/onboarding/data/onboarding_data.dart:29:42 - 'withOpacity' is deprecated and shouldn't be used. Use .withValues() to avoid precision loss. Try replacing the use of the deprecated member with the replacement. - deprecated_member_use
   info - lib/features/onboarding/presentation/pages/onboarding_page.dart:133:69 - 'withOpacity' is deprecated and shouldn't be used. Use .withValues() to avoid precision loss. Try replacing the use of the deprecated member with the replacement. - deprecated_member_use
   info - lib/features/onboarding/presentation/pages/onboarding_page.dart:147:65 - 'withOpacity' is deprecated and shouldn't be used. Use .withValues() to avoid precision loss. Try replacing the use of the deprecated member with the replacement. - deprecated_member_use
   info - lib/features/onboarding/presentation/pages/onboarding_page.dart:175:63 - 'withOpacity' is deprecated and shouldn't be used. Use .withValues() to avoid precision loss. Try replacing the use of the deprecated member with the replacement. - deprecated_member_use

168 issues found.
